// Jest Snapshot v1, https://goo.gl/fbAQLP

exports[`<Display> matches snapshot 1`] = `undefined`;
